14:35:11 [vite] Re-optimizing dependencies because vite config has changed
14:35:12 [content] Syncing content
14:35:12 [content] Synced content
14:35:12 [types] Generated 1.21s
14:35:12 [check] Getting diagnostics for Astro files in C:\www\Portfolio_2026_astro...
[96msrc/content.config.ts[0m:[93m70[0m:[93m13[0m - [93mwarning[0m[90m ts(6385): [0m'z' is deprecated.

[7m70[0m       icon: z.string().optional(),
[7m  [0m [93m            ~[0m
[96msrc/content.config.ts[0m:[93m69[0m:[93m12[0m - [93mwarning[0m[90m ts(6385): [0m'z' is deprecated.

[7m69[0m       url: z.string(),
[7m  [0m [93m           ~[0m
[96msrc/content.config.ts[0m:[93m68[0m:[93m13[0m - [93mwarning[0m[90m ts(6385): [0m'z' is deprecated.

[7m68[0m       name: z.string(),
[7m  [0m [93m            ~[0m
[96msrc/content.config.ts[0m:[93m67[0m:[93m20[0m - [93mwarning[0m[90m ts(6385): [0m'z' is deprecated.

[7m67[0m     links: z.array(z.object({
[7m  [0m [93m                   ~[0m
[96msrc/content.config.ts[0m:[93m67[0m:[93m12[0m - [93mwarning[0m[90m ts(6385): [0m'z' is deprecated.

[7m67[0m     links: z.array(z.object({
[7m  [0m [93m           ~[0m
[96msrc/content.config.ts[0m:[93m66[0m:[93m16[0m - [93mwarning[0m[90m ts(6385): [0m'z' is deprecated.

[7m66[0m     copyright: z.string().optional(),
[7m  [0m [93m               ~[0m
[96msrc/content.config.ts[0m:[93m65[0m:[93m11[0m - [93mwarning[0m[90m ts(6385): [0m'z' is deprecated.

[7m65[0m   schema: z.object({
[7m  [0m [93m          ~[0m
[96msrc/content.config.ts[0m:[93m58[0m:[93m13[0m - [93mwarning[0m[90m ts(6385): [0m'z' is deprecated.

[7m58[0m       year: z.string().optional(),
[7m  [0m [93m            ~[0m
[96msrc/content.config.ts[0m:[93m57[0m:[93m20[0m - [93mwarning[0m[90m ts(6385): [0m'z' is deprecated.

[7m57[0m       institution: z.string().optional(),
[7m  [0m [93m                   ~[0m
[96msrc/content.config.ts[0m:[93m56[0m:[93m15[0m - [93mwarning[0m[90m ts(6385): [0m'z' is deprecated.

[7m56[0m       degree: z.string().optional(),
[7m  [0m [93m              ~[0m
[96msrc/content.config.ts[0m:[93m55[0m:[93m24[0m - [93mwarning[0m[90m ts(6385): [0m'z' is deprecated.

[7m55[0m     education: z.array(z.object({
[7m  [0m [93m                       ~[0m
[96msrc/content.config.ts[0m:[93m55[0m:[93m16[0m - [93mwarning[0m[90m ts(6385): [0m'z' is deprecated.

[7m55[0m     education: z.array(z.object({
[7m  [0m [93m               ~[0m
[96msrc/content.config.ts[0m:[93m51[0m:[93m16[0m - [93mwarning[0m[90m ts(6385): [0m'z' is deprecated.

[7m51[0m         value: z.string(),
[7m  [0m [93m               ~[0m
[96msrc/content.config.ts[0m:[93m50[0m:[93m15[0m - [93mwarning[0m[90m ts(6385): [0m'z' is deprecated.

[7m50[0m         name: z.string(),
[7m  [0m [93m              ~[0m
[96msrc/content.config.ts[0m:[93m49[0m:[93m22[0m - [93mwarning[0m[90m ts(6385): [0m'z' is deprecated.

[7m49[0m       items: z.array(z.object({
[7m  [0m [93m                     ~[0m
[96msrc/content.config.ts[0m:[93m49[0m:[93m14[0m - [93mwarning[0m[90m ts(6385): [0m'z' is deprecated.

[7m49[0m       items: z.array(z.object({
[7m  [0m [93m             ~[0m
[96msrc/content.config.ts[0m:[93m48[0m:[93m17[0m - [93mwarning[0m[90m ts(6385): [0m'z' is deprecated.

[7m48[0m       category: z.string(),
[7m  [0m [93m                ~[0m
[96msrc/content.config.ts[0m:[93m47[0m:[93m26[0m - [93mwarning[0m[90m ts(6385): [0m'z' is deprecated.

[7m47[0m     skillGroups: z.array(z.object({
[7m  [0m [93m                         ~[0m
[96msrc/content.config.ts[0m:[93m47[0m:[93m18[0m - [93mwarning[0m[90m ts(6385): [0m'z' is deprecated.

[7m47[0m     skillGroups: z.array(z.object({
[7m  [0m [93m                 ~[0m
[96msrc/content.config.ts[0m:[93m45[0m:[93m13[0m - [93mwarning[0m[90m ts(6385): [0m'z' is deprecated.

[7m45[0m     status: z.string().optional(),
[7m  [0m [93m            ~[0m
[96msrc/content.config.ts[0m:[93m44[0m:[93m12[0m - [93mwarning[0m[90m ts(6385): [0m'z' is deprecated.

[7m44[0m     email: z.string().optional(),
[7m  [0m [93m           ~[0m
[96msrc/content.config.ts[0m:[93m43[0m:[93m15[0m - [93mwarning[0m[90m ts(6385): [0m'z' is deprecated.

[7m43[0m     location: z.string().optional(),
[7m  [0m [93m              ~[0m
[96msrc/content.config.ts[0m:[93m41[0m:[93m15[0m - [93mwarning[0m[90m ts(6385): [0m'z' is deprecated.

[7m41[0m     subtitle: z.string().optional(),
[7m  [0m [93m              ~[0m
[96msrc/content.config.ts[0m:[93m39[0m:[93m14[0m - [93mwarning[0m[90m ts(6385): [0m'z' is deprecated.

[7m39[0m     mission: z.string().optional(),
[7m  [0m [93m             ~[0m
[96msrc/content.config.ts[0m:[93m37[0m:[93m15[0m - [93mwarning[0m[90m ts(6385): [0m'z' is deprecated.

[7m37[0m     timezone: z.string().optional(),
[7m  [0m [93m              ~[0m
[96msrc/content.config.ts[0m:[93m36[0m:[93m18[0m - [93mwarning[0m[90m ts(6385): [0m'z' is deprecated.

[7m36[0m     titleAccent: z.string().optional(),
[7m  [0m [93m                 ~[0m
[96msrc/content.config.ts[0m:[93m34[0m:[93m12[0m - [93mwarning[0m[90m ts(6385): [0m'z' is deprecated.

[7m34[0m     title: z.string(),
[7m  [0m [93m           ~[0m
[96msrc/content.config.ts[0m:[93m33[0m:[93m16[0m - [93mwarning[0m[90m ts(6385): [0m'z' is deprecated.

[7m33[0m     _template: z.string().optional(), // used by TinaCMS to identify the template
[7m  [0m [93m               ~[0m
[96msrc/content.config.ts[0m:[93m32[0m:[93m11[0m - [93mwarning[0m[90m ts(6385): [0m'z' is deprecated.

[7m32[0m   schema: z.object({
[7m  [0m [93m          ~[0m
[96msrc/content.config.ts[0m:[93m26[0m:[93m18[0m - [93mwarning[0m[90m ts(6385): [0m'z' is deprecated.

[7m26[0m     codeSnippet: z.string().optional(),
[7m  [0m [93m                 ~[0m
[96msrc/content.config.ts[0m:[93m25[0m:[93m15[0m - [93mwarning[0m[90m ts(6385): [0m'z' is deprecated.

[7m25[0m     timeline: z.string().optional(),
[7m  [0m [93m              ~[0m
[96msrc/content.config.ts[0m:[93m24[0m:[93m25[0m - [93mwarning[0m[90m ts(6385): [0m'z' is deprecated.

[7m24[0m     categories: z.array(z.string()).optional().default([]),
[7m  [0m [93m                        ~[0m
[96msrc/content.config.ts[0m:[93m24[0m:[93m17[0m - [93mwarning[0m[90m ts(6385): [0m'z' is deprecated.

[7m24[0m     categories: z.array(z.string()).optional().default([]),
[7m  [0m [93m                ~[0m
[96msrc/content.config.ts[0m:[93m23[0m:[93m13[0m - [93mwarning[0m[90m ts(6385): [0m'z' is deprecated.

[7m23[0m     impact: z.string().optional(),
[7m  [0m [93m            ~[0m
[96msrc/content.config.ts[0m:[93m22[0m:[93m13[0m - [93mwarning[0m[90m ts(6385): [0m'z' is deprecated.

[7m22[0m     status: z.string().optional(),
[7m  [0m [93m            ~[0m
[96msrc/content.config.ts[0m:[93m21[0m:[93m21[0m - [93mwarning[0m[90m ts(6385): [0m'z' is deprecated.

[7m21[0m     points: z.array(z.string()).optional(),
[7m  [0m [93m                    ~[0m
[96msrc/content.config.ts[0m:[93m21[0m:[93m13[0m - [93mwarning[0m[90m ts(6385): [0m'z' is deprecated.

[7m21[0m     points: z.array(z.string()).optional(),
[7m  [0m [93m            ~[0m
[96msrc/content.config.ts[0m:[93m20[0m:[93m22[0m - [93mwarning[0m[90m ts(6385): [0m'z' is deprecated.

[7m20[0m     showInPortfolio: z.boolean().default(false),
[7m  [0m [93m                     ~[0m
[96msrc/content.config.ts[0m:[93m19[0m:[93m19[0m - [93mwarning[0m[90m ts(6385): [0m'z' is deprecated.

[7m19[0m     showInResume: z.boolean().default(false),
[7m  [0m [93m                  ~[0m
[96msrc/content.config.ts[0m:[93m18[0m:[93m20[0m - [93mwarning[0m[90m ts(6385): [0m'z' is deprecated.

[7m18[0m     imagePortrait: z.string().optional(),
[7m  [0m [93m                   ~[0m
[96msrc/content.config.ts[0m:[93m17[0m:[93m12[0m - [93mwarning[0m[90m ts(6385): [0m'z' is deprecated.

[7m17[0m     image: z.string().optional(),
[7m  [0m [93m           ~[0m
[96msrc/content.config.ts[0m:[93m16[0m:[93m12[0m - [93mwarning[0m[90m ts(6385): [0m'z' is deprecated.

[7m16[0m     order: z.number().optional(),
[7m  [0m [93m           ~[0m
[96msrc/content.config.ts[0m:[93m15[0m:[93m13[0m - [93mwarning[0m[90m ts(6385): [0m'z' is deprecated.

[7m15[0m     client: z.string().optional(),
[7m  [0m [93m            ~[0m
[96msrc/content.config.ts[0m:[93m14[0m:[93m11[0m - [93mwarning[0m[90m ts(6385): [0m'z' is deprecated.

[7m14[0m     role: z.string().optional(),
[7m  [0m [93m          ~[0m
[96msrc/content.config.ts[0m:[93m13[0m:[93m20[0m - [93mwarning[0m[90m ts(6385): [0m'z' is deprecated.

[7m13[0m     stack: z.array(z.string()).optional(),
[7m  [0m [93m                   ~[0m
[96msrc/content.config.ts[0m:[93m13[0m:[93m12[0m - [93mwarning[0m[90m ts(6385): [0m'z' is deprecated.

[7m13[0m     stack: z.array(z.string()).optional(),
[7m  [0m [93m           ~[0m
[96msrc/content.config.ts[0m:[93m12[0m:[93m18[0m - [93mwarning[0m[90m ts(6385): [0m'z' is deprecated.

[7m12[0m     description: z.string().optional(),
[7m  [0m [93m                 ~[0m
[96msrc/content.config.ts[0m:[93m11[0m:[93m11[0m - [93mwarning[0m[90m ts(6385): [0m'z' is deprecated.

[7m11[0m     type: z.string().optional(),
[7m  [0m [93m          ~[0m
[96msrc/content.config.ts[0m:[93m10[0m:[93m25[0m - [93mwarning[0m[90m ts(6385): [0m'z' is deprecated.

[7m10[0m     date: z.string().or(z.date()), // Para el formato YYYY-MM-DD
[7m  [0m [93m                        ~[0m
[96msrc/content.config.ts[0m:[93m10[0m:[93m11[0m - [93mwarning[0m[90m ts(6385): [0m'z' is deprecated.

[7m10[0m     date: z.string().or(z.date()), // Para el formato YYYY-MM-DD
[7m  [0m [93m          ~[0m
[96msrc/content.config.ts[0m:[93m9[0m:[93m11[0m - [93mwarning[0m[90m ts(6385): [0m'z' is deprecated.

[7m9[0m     year: z.string().optional(),
[7m [0m [93m          ~[0m
[96msrc/content.config.ts[0m:[93m8[0m:[93m12[0m - [93mwarning[0m[90m ts(6385): [0m'z' is deprecated.

[7m8[0m     title: z.string(),
[7m [0m [93m           ~[0m
[96msrc/content.config.ts[0m:[93m7[0m:[93m16[0m - [93mwarning[0m[90m ts(6385): [0m'z' is deprecated.

[7m7[0m     _template: z.string().optional(), // used by TinaCMS
[7m [0m [93m               ~[0m
[96msrc/content.config.ts[0m:[93m6[0m:[93m11[0m - [93mwarning[0m[90m ts(6385): [0m'z' is deprecated.

[7m6[0m   schema: z.object({
[7m [0m [93m          ~[0m
[96msrc/content.config.ts[0m:[93m1[0m:[93m10[0m - [93mwarning[0m[90m ts(6385): [0m'z' is deprecated.

[7m1[0m import { z, defineCollection } from 'astro:content';
[7m [0m [93m         ~[0m

[96msrc/components/ClientHome.tsx[0m:[93m6[0m:[93m10[0m - [93mwarning[0m[90m ts(6133): [0m'Folder' is declared but its value is never read.

[7m6[0m import { Folder, ArrowRight, ExternalLink, RotateCcw } from 'lucide-react';
[7m [0m [93m         ~~~~~~[0m

[96msrc/components/ClientResume.tsx[0m:[93m9[0m:[93m27[0m - [93mwarning[0m[90m ts(6133): [0m'KeyValue' is declared but its value is never read.

[7m9[0m import { SyntaxCard, Tag, KeyValue } from '@/components/UI';
[7m [0m [93m                          ~~~~~~~~[0m
[96msrc/components/ClientResume.tsx[0m:[93m7[0m:[93m49[0m - [93mwarning[0m[90m ts(6133): [0m'X' is declared but its value is never read.

[7m7[0m import { Search, Download, ChevronRight, Check, X, Folder } from 'lucide-react';
[7m [0m [93m                                                ~[0m
[96msrc/components/ClientResume.tsx[0m:[93m7[0m:[93m42[0m - [93mwarning[0m[90m ts(6133): [0m'Check' is declared but its value is never read.

[7m7[0m import { Search, Download, ChevronRight, Check, X, Folder } from 'lucide-react';
[7m [0m [93m                                         ~~~~~[0m
[96msrc/components/ClientResume.tsx[0m:[93m7[0m:[93m10[0m - [93mwarning[0m[90m ts(6133): [0m'Search' is declared but its value is never read.

[7m7[0m import { Search, Download, ChevronRight, Check, X, Folder } from 'lucide-react';
[7m [0m [93m         ~~~~~~[0m

[96msrc/layouts/MainLayout.astro[0m:[93m33[0m:[93m12[0m - [91merror[0m[90m ts(2554): [0mExpected 0 arguments, but got 2.

[7m33[0m       gtag('config', 'G-JGHRGD2X1R');
[7m  [0m [91m           ~~~~~~~~~~~~~~~~~~~~~~~~[0m
[96msrc/layouts/MainLayout.astro[0m:[93m32[0m:[93m12[0m - [91merror[0m[90m ts(2554): [0mExpected 0 arguments, but got 2.

[7m32[0m       gtag('js', new Date());
[7m  [0m [91m           ~~~~~~~~~~~~~~~~[0m
[96msrc/layouts/MainLayout.astro[0m:[93m31[0m:[93m23[0m - [91merror[0m[90m ts(2304): [0mCannot find name 'dataLayer'.

[7m31[0m       function gtag(){dataLayer.push(arguments);}
[7m  [0m [91m                      ~~~~~~~~~[0m
[96msrc/layouts/MainLayout.astro[0m:[93m30[0m:[93m33[0m - [91merror[0m[90m ts(2339): [0mProperty 'dataLayer' does not exist on type 'Window & typeof globalThis'.

[7m30[0m       window.dataLayer = window.dataLayer || [];
[7m  [0m [91m                                ~~~~~~~~~[0m
[96msrc/layouts/MainLayout.astro[0m:[93m30[0m:[93m14[0m - [91merror[0m[90m ts(2339): [0mProperty 'dataLayer' does not exist on type 'Window & typeof globalThis'.

[7m30[0m       window.dataLayer = window.dataLayer || [];
[7m  [0m [91m             ~~~~~~~~~[0m
[96msrc/layouts/MainLayout.astro[0m:[93m28[0m:[93m13[0m - [93mwarning[0m[90m astro(4000): [0mThis script will be treated as if it has the `is:inline` directive because it contains an attribute. Therefore, features that require processing (e.g. using TypeScript or npm packages in the script) are unavailable.

See docs for more details: https://docs.astro.build/en/guides/client-side-scripts/#script-processing.

Add the `is:inline` directive explicitly to silence this hint.

[7m28[0m     <script async src="https://www.googletagmanager.com/gtag/js?id=G-JGHRGD2X1R"></script>
[7m  [0m [93m            ~~~~~[0m

[96msrc/lib/categories.ts[0m:[93m13[0m:[93m6[0m - [93mwarning[0m[90m ts(6196): [0m'ProjectCategoryValue' is declared but never used.

[7m13[0m type ProjectCategoryValue = typeof PROJECT_CATEGORIES[number]['value'];
[7m  [0m [93m     ~~~~~~~~~~~~~~~~~~~~[0m

[96mtina/config.ts[0m:[93m300[0m:[93m13[0m - [91merror[0m[90m ts(2353): [0mObject literal may only specify known properties, and 'match' does not exist in type '{ label?: string | boolean | undefined; name: string; nameOverride?: string | undefined; ui?: { itemProps?(item: Record<string, any>): { key?: string | undefined; label?: string | boolean | undefined; }; defaultItem?: DefaultItem<...> | undefined; previewSrc?: string | undefined; } | undefined; fields: Field<...>[]; }'.

[7m300[0m             match: { filename: "resume" },
[7m   [0m [91m            ~~~~~[0m
[96mtina/config.ts[0m:[93m273[0m:[93m13[0m - [91merror[0m[90m ts(2353): [0mObject literal may only specify known properties, and 'match' does not exist in type '{ label?: string | boolean | undefined; name: string; nameOverride?: string | undefined; ui?: { itemProps?(item: Record<string, any>): { key?: string | undefined; label?: string | boolean | undefined; }; defaultItem?: DefaultItem<...> | undefined; previewSrc?: string | undefined; } | undefined; fields: Field<...>[]; }'.

[7m273[0m             match: { filename: "archive" },
[7m   [0m [91m            ~~~~~[0m
[96mtina/config.ts[0m:[93m211[0m:[93m13[0m - [91merror[0m[90m ts(2353): [0mObject literal may only specify known properties, and 'match' does not exist in type '{ label?: string | boolean | undefined; name: string; nameOverride?: string | undefined; ui?: { itemProps?(item: Record<string, any>): { key?: string | undefined; label?: string | boolean | undefined; }; defaultItem?: DefaultItem<...> | undefined; previewSrc?: string | undefined; } | undefined; fields: Field<...>[]; }'.

[7m211[0m             match: { filename: "about" },
[7m   [0m [91m            ~~~~~[0m
[96mtina/config.ts[0m:[93m175[0m:[93m13[0m - [91merror[0m[90m ts(2353): [0mObject literal may only specify known properties, and 'match' does not exist in type '{ label?: string | boolean | undefined; name: string; nameOverride?: string | undefined; ui?: { itemProps?(item: Record<string, any>): { key?: string | undefined; label?: string | boolean | undefined; }; defaultItem?: DefaultItem<...> | undefined; previewSrc?: string | undefined; } | undefined; fields: Field<...>[]; }'.

[7m175[0m             match: { filename: "home" },
[7m   [0m [91m            ~~~~~[0m

[96mtina/dashboard/PortfolioDashboard.tsx[0m:[93m339[0m:[93m25[0m - [91merror[0m[90m ts(18046): [0m'response' is of type 'unknown'.

[7m339[0m         throw new Error(response.errors[0]?.message ?? "Error en la consulta GraphQL");
[7m   [0m [91m                        ~~~~~~~~[0m
[96mtina/dashboard/PortfolioDashboard.tsx[0m:[93m338[0m:[93m11[0m - [91merror[0m[90m ts(18046): [0m'response' is of type 'unknown'.

[7m338[0m       if (response.errors) {
[7m   [0m [91m          ~~~~~~~~[0m
[96mtina/dashboard/PortfolioDashboard.tsx[0m:[93m336[0m:[93m30[0m - [91merror[0m[90m ts(18048): [0m'cms.api.tina' is possibly 'undefined'.

[7m336[0m       const response = await cms.api.tina.request(DASHBOARD_QUERY, { variables: {} });
[7m   [0m [91m                             ~~~~~~~~~~~~[0m
[96mtina/dashboard/PortfolioDashboard.tsx[0m:[93m314[0m:[93m59[0m - [91merror[0m[90m ts(2769): [0mNo overload matches this call.
  The last overload gave the following error.
    Object literal may only specify known properties, and 'size' does not exist in type 'Partial<unknown> & Attributes'.

[7m314[0m         {React.cloneElement(icon as React.ReactElement, { size: 80 })}
[7m   [0m [91m                                                          ~~~~[0m
[96mtina/dashboard/PortfolioDashboard.tsx[0m:[93m19[0m:[93m52[0m - [93mwarning[0m[90m ts(6133): [0m'ProjectNode' is declared but its value is never read.

[7m19[0m import { DASHBOARD_QUERY, type DashboardData, type ProjectNode } from "./dashboardQuery";
[7m  [0m [93m                                                   ~~~~~~~~~~~[0m
[96mtina/dashboard/PortfolioDashboard.tsx[0m:[93m16[0m:[93m3[0m - [93mwarning[0m[90m ts(6133): [0m'MoreVertical' is declared but its value is never read.

[7m16[0m   MoreVertical,
[7m  [0m [93m  ~~~~~~~~~~~~[0m

Result (29 files): 
- 13 errors
- 0 warnings
- 64 hints

