### Result
{"errors":[],"pages":[{"route":"/about","status":200,"heading":["BridgingLogic & Soul","Audit","No accessibility or performance issues detected."," Settings"]},{"route":"/resume","status":200,"heading":["Audit","No accessibility or performance issues detected."," Settings"]},{"route":"/archive","status":200,"heading":["Project Archive","Audit","No accessibility or performance issues detected."," Settings"]},{"route":"/projects/around","status":200,"heading":["UX/UI WebDesigner","Audit","No accessibility or performance issues detected."," Settings"]}],"decorations":{"canvas":0,"grid":[{"animation":"eg-breathe","filter":"none","mask":"radial-gradient(420px at 78% 62%, rgba(0, 0, 0, 0.95) 0%, rgba(0, 0, 0, 0.55) 25%, rgba(0, 0, 0, 0.15) 55%, rgba(0, 0, 0, 0) 80%)"},{"animation":"eg-breathe","filter":"none","mask":"radial-gradient(280px at 55% 88%, rgba(0, 0, 0, 0.95) 0%, rgba(0, 0, 0, 0.55) 25%, rgba(0, 0, 0, 0.15) 55%, rgba(0, 0, 0, 0) 80%)"},{"animation":"eg-breathe","filter":"none","mask":"radial-gradient(360px at 18% 28%, rgba(0, 0, 0, 0.95) 0%, rgba(0, 0, 0, 0.55) 25%, rgba(0, 0, 0, 0.15) 55%, rgba(0, 0, 0, 0) 80%)"}],"textures":["http://localhost:4322/textures/grain.svg"]},"idle":{"seconds":4,"paint":0,"raster":0,"taskMs":16.778},"list":"list","filter":"systems","light":{"enabled":true,"blend":"multiply"},"mobile":{"width":390,"documentWidth":390,"gridAnimations":["none","none","none"]},"mobileMenu":true}
### Ran Playwright code
```js
await (async (page) => {
  const results = {errors: [], pages: []};
  page.on('pageerror', error => results.errors.push(error.message));
  await page.setViewportSize({width: 1280, height: 720});
  await page.goto('http://localhost:4322/');
  await page.waitForTimeout(1800);
  results.decorations = await page.evaluate(() => ({
    canvas: document.querySelectorAll('canvas').length,
    grid: [...document.querySelectorAll('.eg-spot')].map(el => ({animation: getComputedStyle(el).animationName, filter: getComputedStyle(el).filter, mask: getComputedStyle(el).maskImage})),
    textures: performance.getEntriesByType('resource').filter(r => /grain\.svg|grain\.png|banner-background\.png/.test(r.name)).map(r => r.name)
  }));
  const cdp = await page.context().newCDPSession(page);
  const events = [];
  cdp.on('Tracing.dataCollected', chunk => events.push(...chunk.value));
  await cdp.send('Performance.enable');
  await cdp.send('Tracing.start', {categories: 'devtools.timeline,disabled-by-default-devtools.timeline', transferMode: 'ReportEvents'});
  const before = await cdp.send('Performance.getMetrics');
  await page.waitForTimeout(4000);
  const after = await cdp.send('Performance.getMetrics');
  const complete = new Promise(resolve => cdp.once('Tracing.tracingComplete', resolve));
  await cdp.send('Tracing.end');
  await complete;
  results.idle = {seconds: 4, paint: events.filter(e => e.name === 'Paint' && e.ph === 'X').length, raster: events.filter(e => e.name === 'RasterTask' && e.ph === 'X').length, taskMs: (after.metrics.find(m => m.name === 'TaskDuration').value - before.metrics.find(m => m.name === 'TaskDuration').value) * 1000};
  await cdp.detach();
  await page.screenshot({path: 'output/playwright/restored-home-dark.png'});
  await page.getByRole('button', {name: 'List', exact: true}).click();
  results.list = await page.evaluate(() => localStorage.getItem('portfolio-layout'));
  await page.getByRole('button', {name: 'Systems', exact: true}).click();
  results.filter = await page.evaluate(() => localStorage.getItem('portfolio-filter'));
  await page.getByRole('button', {name: 'All Output', exact: true}).click();
  await page.getByRole('button', {name: 'Cards', exact: true}).click();
  await page.getByRole('button', {name: 'Toggle theme', exact: true}).click();
  await page.waitForTimeout(300);
  results.light = await page.evaluate(() => ({enabled: document.documentElement.classList.contains('light'), blend: getComputedStyle(document.querySelector('.eg-spot')).mixBlendMode}));
  await page.screenshot({path: 'output/playwright/restored-home-light.png'});
  await page.getByRole('button', {name: 'Toggle theme', exact: true}).click();
  for (const route of ['/about', '/resume', '/archive', '/projects/around']) {
    const response = await page.goto('http://localhost:4322' + route);
    await page.waitForTimeout(500);
    results.pages.push({route, status: response.status(), heading: await page.locator('h1').allTextContents()});
    if (route === '/projects/around') await page.screenshot({path: 'output/playwright/restored-project.png'});
  }
  await page.setViewportSize({width: 390, height: 844});
  await page.emulateMedia({reducedMotion: 'reduce'});
  await page.goto('http://localhost:4322/');
  await page.waitForTimeout(800);
  results.mobile = await page.evaluate(() => ({width: innerWidth, documentWidth: document.documentElement.scrollWidth, gridAnimations: [...document.querySelectorAll('.eg-spot')].map(el => getComputedStyle(el).animationName)}));
  await page.screenshot({path: 'output/playwright/restored-mobile.png'});
  await page.getByRole('button', {name: 'Open navigation'}).click();
  results.mobileMenu = await page.getByRole('navigation', {name: 'Mobile navigation'}).isVisible();
  await page.getByRole('button', {name: 'Close navigation'}).click();
  return results;
}

)(page);
```
### Events
- New console entries: .playwright-cli\console-2026-09-10T22-30-52-162Z.log#L2-L9
